([(akkarbaghar, 19192381832183182399),
  (blurgh buzz karraghastazd,
   fnfnnnffnfn
     gghoooggogoooh
     xxzzxxzxxzxzxzx
     {key = 7, 999666 = (kktkt tktktk)})],
 12118818128ksksssk)
