[[[], hello, world],
 ['c',
  "a rather long string that should make both the inner and the outer list to overflow; la-la-la"]]
