[("Text.Show.Functions", <function>),
 ("Unboxed tuple", (# 3, 5 #))]
