[("Chars are renormalized", '\SOH', '\STX'),
 ("String gaps are broken", "with \\  \\ gaps"),
 ("Unboxed strings have spaces added", "hello" #)]
