[613a10f6-19e4-4a11-9eed-d638cd725309,
 cb348368-0e07-11e9-ab14-d663bd873d93]
